2025-08-26 05:06:57,625 - Knowledge - INFO - Redis support added with prefix knowledge:b52370t:
2025-08-26 05:06:57,704 - Knowledge - INFO - load persisted knowledge: begin
2025-08-26 05:06:57,708 - Knowledge - INFO - load persisted knowledge: end
2025-08-26 05:06:57,709 - Knowledge - INFO - load persisted docinfo: begin
2025-08-26 05:06:57,712 - Knowledge - INFO - load persisted docinfo: end
2025-08-26 05:06:57,718 - Knowledge - INFO - worker kw1 created with dedicated MongoDB connection (total: 1)
2025-08-26 05:06:57,718 - Knowledge - INFO - knowledge worker kw1 start
2025-08-26 05:06:57,719 - Knowledge - INFO - worker kw1 pull /app/data/T0002/4430/b52370t/json-uptade-4430/app.py from ingest queue
2025-08-26 05:06:57,720 - Knowledge - INFO - worker kw2 created with dedicated MongoDB connection (total: 2)
2025-08-26 05:06:57,720 - Knowledge - INFO - knowledge worker kw2 start
2025-08-26 05:06:57,721 - Knowledge - INFO - worker kw2 pull /app/data/T0002/4430/b52370t/json-uptade-4430/eg5.py from ingest queue
2025-08-26 05:06:57,725 - Knowledge - INFO - worker kw3 created with dedicated MongoDB connection (total: 3)
2025-08-26 05:06:57,725 - Knowledge - INFO - knowledge worker kw3 start
2025-08-26 05:06:57,747 - Knowledge - INFO - worker kw3 pull /app/data/T0002/4430/b52370t/json-uptade-4430/eg5.json from ingest queue
2025-08-26 05:06:57,764 - Knowledge - INFO - process ingested knowledge for /app/data/T0002/4430/b52370t/json-uptade-4430/app.py
2025-08-26 05:06:57,765 - Knowledge - INFO - process ingested knowledge for /app/data/T0002/4430/b52370t/json-uptade-4430/eg5.py
2025-08-26 05:06:57,768 - Knowledge - INFO - Found code-base-name: https://github.com/kavia-common/json-uptade-4430.git:kavia-main
2025-08-26 05:06:57,769 - Knowledge - INFO - Found code_base: <app.utils.kg_build.knowledge.KnowledgeCodeBase object at 0x7f7821648cd0>
2025-08-26 05:06:57,769 - Knowledge - INFO - persist ingested knowledge for /app/data/T0002/4430/b52370t/json-uptade-4430/app.py
2025-08-26 05:06:57,776 - Knowledge - INFO - process ingested knowledge for /app/data/T0002/4430/b52370t/json-uptade-4430/eg5.json
2025-08-26 05:06:57,832 - Knowledge - INFO - Found code-base-name: https://github.com/kavia-common/json-uptade-4430.git:kavia-main
2025-08-26 05:06:57,832 - Knowledge - INFO - Found code_base: <app.utils.kg_build.knowledge.KnowledgeCodeBase object at 0x7f7821648cd0>
2025-08-26 05:06:57,832 - Knowledge - INFO - persist ingested knowledge for /app/data/T0002/4430/b52370t/json-uptade-4430/eg5.py
2025-08-26 05:06:57,833 - Knowledge - INFO - Found code-base-name: https://github.com/kavia-common/json-uptade-4430.git:kavia-main
2025-08-26 05:06:57,833 - Knowledge - INFO - Found code_base: <app.utils.kg_build.knowledge.KnowledgeCodeBase object at 0x7f7821648cd0>
2025-08-26 05:06:57,833 - Knowledge - INFO - persist ingested knowledge for /app/data/T0002/4430/b52370t/json-uptade-4430/eg5.json
2025-08-26 05:06:57,893 - Knowledge - INFO - adding /app/data/T0002/4430/b52370t/json-uptade-4430/eg5.py to ingest queue
2025-08-26 05:06:57,946 - Knowledge - INFO - adding /app/data/T0002/4430/b52370t/json-uptade-4430/app.py to ingest queue
2025-08-26 05:06:57,947 - Knowledge - INFO - worker kw2 pull /app/data/T0002/4430/b52370t/json-uptade-4430/eg5.py from ingest queue
2025-08-26 05:06:57,947 - Knowledge - INFO - Thread kw2 - File eg5.py - Remaining files in queue: 1
2025-08-26 05:06:57,947 - Knowledge - INFO - start ingest for /app/data/T0002/4430/b52370t/json-uptade-4430/eg5.py
2025-08-26 05:06:57,948 - Knowledge - INFO - adding /app/data/T0002/4430/b52370t/json-uptade-4430/eg5.json to ingest queue
2025-08-26 05:06:57,948 - Knowledge - INFO - worker kw1 pull /app/data/T0002/4430/b52370t/json-uptade-4430/app.py from ingest queue
2025-08-26 05:06:57,948 - Knowledge - INFO - Thread kw1 - File app.py - Remaining files in queue: 1
2025-08-26 05:06:57,948 - Knowledge - INFO - start ingest for /app/data/T0002/4430/b52370t/json-uptade-4430/app.py
2025-08-26 05:06:57,949 - Knowledge - INFO - worker kw3 pull /app/data/T0002/4430/b52370t/json-uptade-4430/eg5.json from ingest queue
2025-08-26 05:06:57,949 - Knowledge - INFO - Thread kw3 - File eg5.json - Remaining files in queue: 0
2025-08-26 05:06:57,949 - Knowledge - INFO - start ingest for /app/data/T0002/4430/b52370t/json-uptade-4430/eg5.json
2025-08-26 05:06:57,951 - Knowledge - INFO - Fast-track processing for simple file: /app/data/T0002/4430/b52370t/json-uptade-4430/eg5.json
2025-08-26 05:06:57,951 - Knowledge - INFO - done fast ingest for /app/data/T0002/4430/b52370t/json-uptade-4430/eg5.json
2025-08-26 05:06:57,951 - Knowledge - INFO - process ingested knowledge for /app/data/T0002/4430/b52370t/json-uptade-4430/eg5.json
2025-08-26 05:06:57,952 - Knowledge - INFO - Found code-base-name: https://github.com/kavia-common/json-uptade-4430.git:kavia-main
2025-08-26 05:06:57,952 - Knowledge - INFO - Found code_base: <app.utils.kg_build.knowledge.KnowledgeCodeBase object at 0x7f7821648cd0>
2025-08-26 05:06:57,952 - Knowledge - INFO - persist ingested knowledge for /app/data/T0002/4430/b52370t/json-uptade-4430/eg5.json
2025-08-26 05:07:07,653 - Knowledge - INFO - done ingest for /app/data/T0002/4430/b52370t/json-uptade-4430/eg5.py
2025-08-26 05:07:07,794 - Knowledge - INFO - process ingested knowledge for /app/data/T0002/4430/b52370t/json-uptade-4430/eg5.py
2025-08-26 05:07:07,806 - Knowledge - INFO - Found code-base-name: https://github.com/kavia-common/json-uptade-4430.git:kavia-main
2025-08-26 05:07:07,807 - Knowledge - INFO - Found code_base: <app.utils.kg_build.knowledge.KnowledgeCodeBase object at 0x7f7821648cd0>
2025-08-26 05:07:07,807 - Knowledge - INFO - persist ingested knowledge for /app/data/T0002/4430/b52370t/json-uptade-4430/eg5.py
2025-08-26 05:07:08,090 - Knowledge - INFO - done ingest for /app/data/T0002/4430/b52370t/json-uptade-4430/app.py
2025-08-26 05:07:08,100 - Knowledge - INFO - process ingested knowledge for /app/data/T0002/4430/b52370t/json-uptade-4430/app.py
2025-08-26 05:07:08,534 - Knowledge - INFO - persist search terms embedding for eg5.py
2025-08-26 05:07:08,536 - Knowledge - INFO - Found code-base-name: https://github.com/kavia-common/json-uptade-4430.git:kavia-main
2025-08-26 05:07:08,537 - Knowledge - INFO - Found code_base: <app.utils.kg_build.knowledge.KnowledgeCodeBase object at 0x7f7821648cd0>
2025-08-26 05:07:08,537 - Knowledge - INFO - persist ingested knowledge for /app/data/T0002/4430/b52370t/json-uptade-4430/app.py
2025-08-26 05:07:09,427 - Knowledge - INFO - persist search terms embedding for app.py
2025-08-26 05:07:09,429 - Knowledge - INFO - Knowledge creation complete
2025-08-26 05:07:09,430 - Knowledge - INFO - Updating org costs, total cost: 0.00046219999999999996
2025-08-26 05:07:10,384 - Knowledge - INFO - Saving knowledge to Redis...
2025-08-26 05:07:10,392 - Knowledge - INFO - Knowledge saved to Redis successfully
